[16:41:19][INFO] ==================================================
[16:41:19][INFO] Smart Parking System Start
[16:41:19][INFO] ==================================================
[16:41:26][INFO] [Sender] 초기화 | 서버: http://172.20.10.12:8000/api/event
[16:41:26][INFO] [Sender] 미전송 36건 복구
[16:41:26][INFO] Mapping loaded | zones: ['a-b1-001', 'a-b1-002', 'a-b1-003', 'a-b1-004', 'a-b1-005', 'a-b1-006']
[16:41:31][INFO] [Camera] C920 자동 포커스 설정 완료
[16:41:31][INFO] [OCR Worker] 시작
[16:41:31][INFO] [OCR Worker] 시작
[16:41:31][INFO] [Send Worker] 시작
[16:41:31][INFO] [Workers] OCR x2, Send x1 시작
[16:41:34][INFO] Camera started | M: mapping  Q/ESC: quit
[16:41:36][INFO] [PixelCheck] 빈 구역 스냅샷 초기화 완료
[16:41:40][INFO] Enter mapping mode
[16:58:51][INFO] Mapping exit | zones: ['a-b1-001', 'a-b1-002', 'a-b1-003', 'a-b1-004', 'a-b1-005', 'a-b1-006']
[16:58:52][INFO] [PixelCheck] 빈 구역 스냅샷 초기화 완료
[17:01:57][INFO] Enter mapping mode
[17:02:49][INFO] Mapping exit | zones: ['a-b1-001', 'a-b1-002', 'a-b1-003', 'a-b1-004', 'a-b1-005', 'a-b1-006']
[17:02:50][INFO] [PixelCheck] 빈 구역 스냅샷 초기화 완료
[17:02:51][INFO] Enter mapping mode
[17:03:53][INFO] Mapping exit | zones: ['a-b1-004', 'a-b1-005', 'a-b1-006', 'a-b1-001']
[17:03:54][INFO] [PixelCheck] 빈 구역 스냅샷 초기화 완료
[17:04:08][INFO] Enter mapping mode
[17:06:12][INFO] Mapping exit | zones: ['a-b1-004', 'a-b1-005', 'a-b1-006', 'a-b1-001', 'a-b1-002']
[17:06:13][INFO] [PixelCheck] 빈 구역 스냅샷 초기화 완료
[17:06:38][INFO] [EVENT] {'type': 'entry', 'zone': 'a-b1-001', 'plate': None, 'plate_status': 'pending', 'entry_time': 1780560398.8432744, 'park_status': 'normal', 'timestamp': 1780560398.8432744}
[17:06:38][INFO] [ENTRY] a-b1-001 OCR Queue 제출 (대기: 1)
[17:06:38][INFO] [OCR Worker] a-b1-001 완료: None (pending)
[17:06:44][ERROR] [Sender] 전송 실패: HTTPConnectionPool(host='172.20.10.12', port=8000): Max retries exceeded with url: /api/event (Caused by ConnectTimeoutError(<HTTPConnection(host='172.20.10.12', port=8000) at 0x7ffedeb37890>, 'Connection to 172.20.10.12 timed out. (connect timeout=3)'))
[17:06:44][WARNING] [Sender] 큐 저장 (37건)
[17:11:19][INFO] Quit
[17:11:19][INFO] [Workers] 종료 대기 중...
[17:11:19][INFO] [OCR Worker] 종료
[17:11:19][INFO] [Send Worker] 종료
[17:11:19][INFO] [OCR Worker] 종료
[17:11:20][INFO] System stopped
[17:23:55][INFO] ==================================================
[17:23:55][INFO] Smart Parking System Start
[17:23:55][INFO] ==================================================
[17:24:02][INFO] [Sender] 초기화 | 서버: http://10.69.39.129:8000/api/event
[17:24:02][INFO] [Sender] 미전송 37건 복구
[17:24:02][INFO] Mapping loaded | zones: ['a-b1-004', 'a-b1-005', 'a-b1-006', 'a-b1-001', 'a-b1-002']
[17:24:07][INFO] [Camera] C920 자동 포커스 설정 완료
[17:24:07][INFO] [OCR Worker] 시작
[17:24:07][INFO] [OCR Worker] 시작
[17:24:07][INFO] [Send Worker] 시작
[17:24:07][INFO] [Workers] OCR x2, Send x1 시작
[17:24:10][INFO] Camera started | M: mapping  Q/ESC: quit
[17:24:12][INFO] [PixelCheck] 빈 구역 스냅샷 초기화 완료
[17:24:17][INFO] Quit
[17:24:17][INFO] [Workers] 종료 대기 중...
[17:24:17][INFO] [OCR Worker] 종료
[17:24:17][INFO] [OCR Worker] 종료
[17:24:17][INFO] [Send Worker] 종료
[17:24:17][INFO] System stopped
[17:37:37][INFO] ==================================================
[17:37:37][INFO] Smart Parking System Start
[17:37:37][INFO] ==================================================
[17:37:43][INFO] [Sender] 초기화 | 서버: http://10.69.39.129:8000/api/event
[17:37:43][INFO] [Sender] 미전송 37건 복구
[17:37:43][INFO] Mapping loaded | zones: ['a-b1-004', 'a-b1-005', 'a-b1-006', 'a-b1-001', 'a-b1-002']
[17:37:48][INFO] [Camera] C920 자동 포커스 설정 완료
[17:37:48][INFO] [OCR Worker] 시작
[17:37:48][INFO] [OCR Worker] 시작
[17:37:48][INFO] [Send Worker] 시작
[17:37:48][INFO] [Workers] OCR x2, Send x1 시작
[17:37:50][INFO] Camera started | M: mapping  Q/ESC: quit
[17:37:52][INFO] [PixelCheck] 빈 구역 스냅샷 초기화 완료
[17:37:56][INFO] [EVENT] {'type': 'entry', 'zone': 'a-b1-005', 'plate': None, 'plate_status': 'pending', 'entry_time': 1780562276.4439013, 'park_status': 'normal', 'timestamp': 1780562276.4439013}
[17:37:56][INFO] [ENTRY] a-b1-005 OCR Queue 제출 (대기: 1)
[17:38:40][INFO] [EVENT] {'type': 'exit', 'zone': 'a-b1-005', 'plate': None, 'plate_status': 'pending', 'entry_time': 1780562276.4439013, 'park_status': 'normal', 'linked_zone': None, 'timestamp': 1780562320.0866785}
[17:38:40][WARNING] [EXIT] a-b1-005 OCR 완료 전 출차 → entry null 전송
[17:38:40][INFO] [EXIT] a-b1-005 plate=None
[17:38:46][ERROR] [Sender] 전송 실패: HTTPConnectionPool(host='10.69.39.129', port=8000): Read timed out. (read timeout=3)
[17:38:46][WARNING] [Sender] 큐 저장 (38건)
[17:38:52][ERROR] [Sender] 전송 실패: HTTPConnectionPool(host='10.69.39.129', port=8000): Read timed out. (read timeout=3)
[17:38:52][WARNING] [Sender] 큐 저장 (39건)
[17:39:49][INFO] [EVENT] {'type': 'entry', 'zone': 'a-b1-006', 'plate': None, 'plate_status': 'pending', 'entry_time': 1780562389.1975074, 'park_status': 'normal', 'timestamp': 1780562389.1975074}
[17:39:49][INFO] [ENTRY] a-b1-006 OCR Queue 제출 (대기: 1)
[17:40:05][INFO] [EVENT] {'type': 'exit', 'zone': 'a-b1-006', 'plate': None, 'plate_status': 'pending', 'entry_time': 1780562389.1975074, 'park_status': 'normal', 'linked_zone': None, 'timestamp': 1780562405.0556786}
[17:40:05][WARNING] [EXIT] a-b1-006 OCR 완료 전 출차 → entry null 전송
[17:40:05][INFO] [EXIT] a-b1-006 plate=None
[17:40:11][ERROR] [Sender] 전송 실패: HTTPConnectionPool(host='10.69.39.129', port=8000): Read timed out. (read timeout=3)
[17:40:11][WARNING] [Sender] 큐 저장 (40건)
[17:40:17][ERROR] [Sender] 전송 실패: HTTPConnectionPool(host='10.69.39.129', port=8000): Read timed out. (read timeout=3)
[17:40:17][WARNING] [Sender] 큐 저장 (41건)
[17:40:21][INFO] [OCR Worker] a-b1-005 완료: None (pending)
[17:40:23][INFO] [EVENT] {'type': 'entry', 'zone': 'a-b1-004', 'plate': None, 'plate_status': 'pending', 'entry_time': 1780562423.5144346, 'park_status': 'normal', 'timestamp': 1780562423.5144346}
[17:40:23][INFO] [ENTRY] a-b1-004 OCR Queue 제출 (대기: 1)
[17:40:27][ERROR] [Sender] 전송 실패: HTTPConnectionPool(host='10.69.39.129', port=8000): Read timed out. (read timeout=3)
[17:40:27][WARNING] [Sender] 큐 저장 (42건)
[17:41:03][INFO] [EVENT] {'type': 'exit', 'zone': 'a-b1-004', 'plate': None, 'plate_status': 'pending', 'entry_time': 1780562423.5144346, 'park_status': 'normal', 'linked_zone': None, 'timestamp': 1780562463.4271898}
[17:41:03][WARNING] [EXIT] a-b1-004 OCR 완료 전 출차 → entry null 전송
[17:41:03][INFO] [EXIT] a-b1-004 plate=None
[17:41:09][ERROR] [Sender] 전송 실패: HTTPConnectionPool(host='10.69.39.129', port=8000): Read timed out. (read timeout=3)
[17:41:09][WARNING] [Sender] 큐 저장 (43건)
[17:41:15][ERROR] [Sender] 전송 실패: HTTPConnectionPool(host='10.69.39.129', port=8000): Read timed out. (read timeout=3)
[17:41:15][WARNING] [Sender] 큐 저장 (44건)
[17:41:56][INFO] ==================================================
[17:41:56][INFO] Smart Parking System Start
[17:41:56][INFO] ==================================================
[17:42:02][INFO] [Sender] 초기화 | 서버: http://10.69.39.129:8000/api/event
[17:42:02][INFO] [Sender] 미전송 44건 복구
[17:42:02][INFO] Mapping loaded | zones: ['a-b1-004', 'a-b1-005', 'a-b1-006', 'a-b1-001', 'a-b1-002']
[17:42:07][INFO] [Camera] C920 자동 포커스 설정 완료
[17:42:07][INFO] [OCR Worker] 시작
[17:42:07][INFO] [OCR Worker] 시작
[17:42:07][INFO] [Send Worker] 시작
[17:42:07][INFO] [Workers] OCR x2, Send x1 시작
[17:42:10][INFO] Camera started | M: mapping  Q/ESC: quit
[17:42:12][INFO] [PixelCheck] 빈 구역 스냅샷 초기화 완료
[17:42:20][INFO] [EVENT] {'type': 'exit', 'zone': 'a-b1-004', 'plate': None, 'plate_status': 'pending', 'entry_time': 1780562423.5144346, 'park_status': 'normal', 'linked_zone': None, 'timestamp': 1780562540.6002889}
[17:42:20][INFO] [EXIT] a-b1-004 plate=None
[17:42:26][ERROR] [Sender] 전송 실패: HTTPConnectionPool(host='10.69.39.129', port=8000): Read timed out. (read timeout=3)
[17:42:26][WARNING] [Sender] 큐 저장 (45건)
[17:43:11][INFO] Enter mapping mode
[17:45:53][INFO] Mapping exit | zones: ['a-b1-001', 'a-b1-002', 'a-b1-003', 'a-b1-004', 'a-b1-005', 'a-b1-006', 'a-b1-007', 'a-b1-008', 'a-b1-009']
[17:45:54][INFO] [PixelCheck] 빈 구역 스냅샷 초기화 완료
[17:59:30][INFO] [EVENT] {'type': 'entry', 'zone': 'a-b1-002', 'plate': None, 'plate_status': 'pending', 'entry_time': 1780563570.777062, 'park_status': 'normal', 'timestamp': 1780563570.777062}
[17:59:30][INFO] [ENTRY] a-b1-002 OCR Queue 제출 (대기: 1)
[17:59:38][INFO] [EVENT] {'type': 'entry', 'zone': 'a-b1-004', 'plate': None, 'plate_status': 'pending', 'entry_time': 1780563578.031726, 'park_status': 'normal', 'timestamp': 1780563578.031726}
[17:59:38][INFO] [ENTRY] a-b1-004 OCR Queue 제출 (대기: 1)
[18:00:37][INFO] [OCR Worker] a-b1-004 완료: None (pending)
[18:00:43][ERROR] [Sender] 전송 실패: HTTPConnectionPool(host='10.69.39.129', port=8000): Read timed out. (read timeout=3)
[18:00:43][WARNING] [Sender] 큐 저장 (46건)
[18:00:49][INFO] [OCR Worker] a-b1-002 완료: None (pending)
[18:00:55][ERROR] [Sender] 전송 실패: HTTPConnectionPool(host='10.69.39.129', port=8000): Read timed out. (read timeout=3)
[18:00:55][WARNING] [Sender] 큐 저장 (47건)
[18:02:57][INFO] Quit
[18:02:57][INFO] [Workers] 종료 대기 중...
[18:02:57][INFO] [OCR Worker] 종료
[18:02:57][INFO] [OCR Worker] 종료
[18:02:57][INFO] [Send Worker] 종료
[18:02:57][INFO] System stopped
