[18:59:30][INFO] ==================================================
[18:59:30][INFO] Smart Parking System Start
[18:59:30][INFO] ==================================================
[18:59:36][INFO] [Sender] 초기화 | 서버: http://172.20.10.13:8000/api/event
[18:59:36][INFO] [Sender] 미전송 37건 복구
[18:59:36][INFO] Mapping loaded | zones: ['a-b1-001', 'a-b1-002', 'a-b1-003', 'a-b1-004', 'a-b1-005', 'a-b1-006', 'a-b1-007', 'a-b1-008', 'a-b1-009']
[18:59:41][INFO] [Camera] C920 자동 포커스 설정 완료
[18:59:41][INFO] [OCR Worker] 시작
[18:59:41][INFO] [OCR Worker] 시작
[18:59:41][INFO] [Send Worker] 시작
[18:59:41][INFO] [Workers] OCR x2, Send x1 시작
[18:59:42][INFO] Camera started | M: mapping  Q/ESC: quit
[18:59:43][INFO] [PixelCheck] 빈 구역 스냅샷 초기화 완료
[19:10:15][INFO] Quit
[19:10:15][INFO] [Workers] 종료 대기 중...
[19:10:15][INFO] [OCR Worker] 종료
[19:10:15][INFO] [OCR Worker] 종료
[19:10:15][INFO] [Send Worker] 종료
[19:10:16][INFO] System stopped
[19:10:26][INFO] ==================================================
[19:10:26][INFO] Smart Parking System Start
[19:10:26][INFO] ==================================================
[19:10:31][INFO] [Sender] 초기화 | 서버: http://172.20.10.12:8000/api/event
[19:10:31][INFO] [Sender] 미전송 37건 복구
[19:10:31][INFO] Mapping loaded | zones: ['a-b1-001', 'a-b1-002', 'a-b1-003', 'a-b1-004', 'a-b1-005', 'a-b1-006', 'a-b1-007', 'a-b1-008', 'a-b1-009']
[19:10:36][INFO] [Camera] C920 자동 포커스 설정 완료
[19:10:36][INFO] [OCR Worker] 시작
[19:10:36][INFO] [OCR Worker] 시작
[19:10:36][INFO] [Send Worker] 시작
[19:10:36][INFO] [Workers] OCR x2, Send x1 시작
[19:10:36][INFO] Camera started | M: mapping  Q/ESC: quit
[19:10:38][INFO] [PixelCheck] 빈 구역 스냅샷 초기화 완료
[19:16:41][INFO] [EVENT] {'type': 'entry', 'zone': 'a-b1-003', 'plate': None, 'plate_status': 'pending', 'entry_time': 1780913801.190552, 'park_status': 'normal', 'timestamp': 1780913801.190552}
[19:16:41][INFO] [ENTRY] a-b1-003 OCR Queue 제출 (대기: 1)
[19:17:41][INFO] [OCR Worker] a-b1-003 완료: None (null)
[19:17:41][WARNING] [OCR ERROR] a-b1-003 번호판 인식 불가 (null) → 알림 전송 예정
[19:17:47][ERROR] [Sender] 전송 실패: HTTPConnectionPool(host='172.20.10.12', port=8000): Read timed out. (read timeout=3)
[19:17:47][WARNING] [Sender] 큐 저장 (38건)
[19:19:17][INFO] [EVENT] {'type': 'entry', 'zone': 'a-b1-006', 'plate': None, 'plate_status': 'pending', 'entry_time': 1780913957.2727232, 'park_status': 'normal', 'timestamp': 1780913957.2727232}
[19:19:17][INFO] [ENTRY] a-b1-006 OCR Queue 제출 (대기: 1)
[19:20:25][INFO] [OCR Worker] a-b1-006 완료: 37나5209 (confirmed)
[19:20:31][ERROR] [Sender] 전송 실패: HTTPConnectionPool(host='172.20.10.12', port=8000): Read timed out. (read timeout=3)
[19:20:31][WARNING] [Sender] 큐 저장 (39건)
[19:37:16][INFO] [EVENT] {'type': 'exit', 'zone': 'a-b1-003', 'plate': None, 'plate_status': 'null', 'entry_time': 1780913801.190552, 'park_status': 'normal', 'linked_zone': None, 'timestamp': 1780915036.0586693}
[19:37:16][WARNING] [EXIT] a-b1-003 OCR 완료 전 출차 → entry null 전송
[19:37:16][INFO] [EXIT] a-b1-003 plate=None
[19:37:22][ERROR] [Sender] 전송 실패: HTTPConnectionPool(host='172.20.10.12', port=8000): Read timed out. (read timeout=3)
[19:37:22][WARNING] [Sender] 큐 저장 (40건)
[19:37:27][WARNING] [Sender] 서버 응답 오류: 409 → 재전송 큐 저장
[19:37:27][WARNING] [Sender] 큐 저장 (41건)
[19:37:56][INFO] Quit
[19:37:56][INFO] [Workers] 종료 대기 중...
[19:37:57][INFO] [OCR Worker] 종료
[19:37:57][INFO] [OCR Worker] 종료
[19:37:57][INFO] [Send Worker] 종료
[19:37:58][INFO] System stopped
[19:38:14][INFO] ==================================================
[19:38:14][INFO] Smart Parking System Start
[19:38:14][INFO] ==================================================
[19:38:20][INFO] [Sender] 초기화 | 서버: http://172.20.10.12:8000/api/event
[19:38:20][INFO] [Sender] 미전송 41건 복구
[19:38:20][INFO] Mapping loaded | zones: ['a-b1-001', 'a-b1-002', 'a-b1-003', 'a-b1-004', 'a-b1-005', 'a-b1-006', 'a-b1-007', 'a-b1-008', 'a-b1-009']
[19:38:25][INFO] [Camera] C920 자동 포커스 설정 완료
[19:38:25][INFO] [OCR Worker] 시작
[19:38:25][INFO] [OCR Worker] 시작
[19:38:25][INFO] [Send Worker] 시작
[19:38:25][INFO] [Workers] OCR x2, Send x1 시작
[19:38:29][INFO] Camera started | M: mapping  Q/ESC: quit
[19:38:30][INFO] [PixelCheck] 빈 구역 스냅샷 초기화 완료
[19:38:39][INFO] [EVENT] {'type': 'exit', 'zone': 'a-b1-006', 'plate': '37나5209', 'plate_status': 'confirmed', 'entry_time': 1780913957.2727232, 'park_status': 'normal', 'linked_zone': None, 'timestamp': 1780915119.4433224}
[19:38:39][INFO] [EXIT] a-b1-006 plate=37나5209
[19:38:45][INFO] [Sender] 전송 성공 | event:exit zone:a-b1-006
[19:41:03][INFO] [EVENT] {'type': 'entry', 'zone': 'a-b1-003', 'plate': None, 'plate_status': 'pending', 'entry_time': 1780915263.730788, 'park_status': 'normal', 'timestamp': 1780915263.730788}
[19:41:03][INFO] [ENTRY] a-b1-003 OCR Queue 제출 (대기: 1)
[19:42:08][INFO] [OCR Worker] a-b1-003 완료: None (null)
[19:42:08][WARNING] [OCR ERROR] a-b1-003 번호판 인식 불가 (null) → 알림 전송 예정
[19:42:14][ERROR] [Sender] 전송 실패: HTTPConnectionPool(host='172.20.10.12', port=8000): Read timed out. (read timeout=3)
[19:42:14][WARNING] [Sender] 큐 저장 (42건)
[19:42:19][INFO] [EVENT] {'type': 'entry', 'zone': 'a-b1-006', 'plate': None, 'plate_status': 'pending', 'entry_time': 1780915339.2490473, 'park_status': 'normal', 'timestamp': 1780915339.2490473}
[19:42:19][INFO] [ENTRY] a-b1-006 OCR Queue 제출 (대기: 1)
[19:43:34][INFO] [OCR Worker] a-b1-006 완료: 37나5209 (confirmed)
[19:43:40][ERROR] [Sender] 전송 실패: HTTPConnectionPool(host='172.20.10.12', port=8000): Read timed out. (read timeout=3)
[19:43:40][WARNING] [Sender] 큐 저장 (43건)
[19:50:55][INFO] Quit
[19:50:55][INFO] [Workers] 종료 대기 중...
[19:50:56][INFO] [OCR Worker] 종료
[19:50:56][INFO] [Send Worker] 종료
[19:50:56][INFO] [OCR Worker] 종료
[19:50:56][INFO] System stopped
[19:51:05][INFO] ==================================================
[19:51:05][INFO] Smart Parking System Start
[19:51:05][INFO] ==================================================
[19:51:11][INFO] [Sender] 초기화 | 서버: http://172.20.10.12:8000/api/event
[19:51:11][INFO] [Sender] 미전송 43건 복구
[19:51:11][INFO] Mapping loaded | zones: ['a-b1-001', 'a-b1-002', 'a-b1-003', 'a-b1-004', 'a-b1-005', 'a-b1-006', 'a-b1-007', 'a-b1-008', 'a-b1-009']
[19:51:16][INFO] [Camera] C920 자동 포커스 설정 완료
[19:51:16][INFO] [OCR Worker] 시작
[19:51:16][INFO] [OCR Worker] 시작
[19:51:16][INFO] [Send Worker] 시작
[19:51:16][INFO] [Workers] OCR x2, Send x1 시작
[19:51:19][INFO] Camera started | M: mapping  Q/ESC: quit
[19:51:21][INFO] [PixelCheck] 빈 구역 스냅샷 초기화 완료
[19:53:39][INFO] Quit
[19:53:39][INFO] [Workers] 종료 대기 중...
[19:53:40][INFO] [OCR Worker] 종료
[19:53:40][INFO] [Send Worker] 종료
[19:53:40][INFO] [OCR Worker] 종료
[19:53:40][INFO] System stopped
[19:53:48][INFO] ==================================================
[19:53:48][INFO] Smart Parking System Start
[19:53:48][INFO] ==================================================
[19:53:54][INFO] [Sender] 초기화 | 서버: http://172.20.10.12:8000/api/event
[19:53:54][INFO] [Sender] 미전송 43건 복구
[19:53:54][INFO] Mapping loaded | zones: ['a-b1-001', 'a-b1-002', 'a-b1-003', 'a-b1-004', 'a-b1-005', 'a-b1-006', 'a-b1-007', 'a-b1-008', 'a-b1-009']
[19:54:00][INFO] [Camera] C920 자동 포커스 설정 완료
[19:54:00][INFO] [OCR Worker] 시작
[19:54:00][INFO] [OCR Worker] 시작
[19:54:00][INFO] [Send Worker] 시작
[19:54:00][INFO] [Workers] OCR x2, Send x1 시작
[19:54:01][INFO] Camera started | M: mapping  Q/ESC: quit
[19:54:03][INFO] [PixelCheck] 빈 구역 스냅샷 초기화 완료
[19:54:11][INFO] [EVENT] {'type': 'exit', 'zone': 'a-b1-003', 'plate': None, 'plate_status': 'null', 'entry_time': 1780915263.730788, 'park_status': 'normal', 'linked_zone': None, 'timestamp': 1780916051.2646089}
[19:54:11][INFO] [EXIT] a-b1-003 plate=None
[19:54:11][INFO] [EVENT] {'type': 'exit', 'zone': 'a-b1-006', 'plate': '37나5209', 'plate_status': 'confirmed', 'entry_time': 1780915339.2490473, 'park_status': 'normal', 'linked_zone': None, 'timestamp': 1780916051.2948327}
[19:54:11][INFO] [EXIT] a-b1-006 plate=37나5209
[19:54:17][ERROR] [Sender] 전송 실패: HTTPConnectionPool(host='172.20.10.12', port=8000): Read timed out. (read timeout=3)
[19:54:17][WARNING] [Sender] 큐 저장 (44건)
[19:54:22][INFO] [Sender] 전송 성공 | event:exit zone:a-b1-006
[19:57:07][INFO] [EVENT] {'type': 'entry', 'zone': 'a-b1-006', 'plate': None, 'plate_status': 'pending', 'entry_time': 1780916227.5076725, 'park_status': 'normal', 'timestamp': 1780916227.5076725}
[19:57:07][INFO] [ENTRY] a-b1-006 OCR Queue 제출 (대기: 1)
[19:57:07][INFO] [OCR Worker] a-b1-006 완료: None (null)
[19:57:07][WARNING] [OCR ERROR] a-b1-006 번호판 인식 불가 (null) → 알림 전송 예정
[19:57:13][ERROR] [Sender] 전송 실패: HTTPConnectionPool(host='172.20.10.12', port=8000): Read timed out. (read timeout=3)
[19:57:13][WARNING] [Sender] 큐 저장 (45건)
[19:57:27][INFO] [EVENT] {'type': 'entry', 'zone': 'a-b1-003', 'plate': None, 'plate_status': 'pending', 'entry_time': 1780916247.4277139, 'park_status': 'normal', 'timestamp': 1780916247.4277139}
[19:57:27][INFO] [ENTRY] a-b1-003 OCR Queue 제출 (대기: 1)
[19:58:32][INFO] [OCR Worker] a-b1-003 완료: 78921234 (confirmed)
[19:58:38][ERROR] [Sender] 전송 실패: HTTPConnectionPool(host='172.20.10.12', port=8000): Read timed out. (read timeout=3)
[19:58:38][WARNING] [Sender] 큐 저장 (46건)
[20:01:29][INFO] Quit
[20:01:29][INFO] [Workers] 종료 대기 중...
[20:01:29][INFO] [OCR Worker] 종료
[20:01:29][INFO] [Send Worker] 종료
[20:01:29][INFO] [OCR Worker] 종료
[20:01:29][INFO] System stopped
[20:01:40][INFO] ==================================================
[20:01:40][INFO] Smart Parking System Start
[20:01:40][INFO] ==================================================
[20:01:47][INFO] [Sender] 초기화 | 서버: http://172.20.10.12:8000/api/event
[20:01:47][INFO] [Sender] 미전송 46건 복구
[20:01:47][INFO] Mapping loaded | zones: ['a-b1-001', 'a-b1-002', 'a-b1-003', 'a-b1-004', 'a-b1-005', 'a-b1-006', 'a-b1-007', 'a-b1-008', 'a-b1-009']
[20:01:52][INFO] [Camera] C920 자동 포커스 설정 완료
[20:01:52][INFO] [OCR Worker] 시작
[20:01:52][INFO] [OCR Worker] 시작
[20:01:52][INFO] [Send Worker] 시작
[20:01:52][INFO] [Workers] OCR x2, Send x1 시작
[20:01:54][INFO] Camera started | M: mapping  Q/ESC: quit
[20:01:56][INFO] [PixelCheck] 빈 구역 스냅샷 초기화 완료
[20:03:20][INFO] Quit
[20:03:20][INFO] [Workers] 종료 대기 중...
[20:03:20][INFO] [Send Worker] 종료
[20:03:20][INFO] [OCR Worker] 종료
[20:03:20][INFO] [OCR Worker] 종료
[20:03:20][INFO] System stopped
[20:03:28][INFO] ==================================================
[20:03:28][INFO] Smart Parking System Start
[20:03:28][INFO] ==================================================
[20:03:35][INFO] [Sender] 초기화 | 서버: http://172.20.10.12:8000/api/event
[20:03:35][INFO] [Sender] 미전송 46건 복구
[20:03:35][INFO] Mapping loaded | zones: ['a-b1-001', 'a-b1-002', 'a-b1-003', 'a-b1-004', 'a-b1-005', 'a-b1-006', 'a-b1-007', 'a-b1-008', 'a-b1-009']
[20:03:40][INFO] [Camera] C920 자동 포커스 설정 완료
[20:03:40][INFO] [OCR Worker] 시작
[20:03:40][INFO] [OCR Worker] 시작
[20:03:40][INFO] [Send Worker] 시작
[20:03:40][INFO] [Workers] OCR x2, Send x1 시작
[20:03:41][INFO] Camera started | M: mapping  Q/ESC: quit
[20:03:43][INFO] [PixelCheck] 빈 구역 스냅샷 초기화 완료
[20:03:51][INFO] [EVENT] {'type': 'exit', 'zone': 'a-b1-003', 'plate': '78921234', 'plate_status': 'confirmed', 'entry_time': 1780916247.4277139, 'park_status': 'normal', 'linked_zone': None, 'timestamp': 1780916631.87829}
[20:03:51][INFO] [EXIT] a-b1-003 plate=78921234
[20:03:51][INFO] [EVENT] {'type': 'exit', 'zone': 'a-b1-006', 'plate': None, 'plate_status': 'null', 'entry_time': 1780916227.5076725, 'park_status': 'normal', 'linked_zone': None, 'timestamp': 1780916631.9124024}
[20:03:51][INFO] [EXIT] a-b1-006 plate=None
[20:03:57][ERROR] [Sender] 전송 실패: HTTPConnectionPool(host='172.20.10.12', port=8000): Read timed out. (read timeout=3)
[20:03:57][WARNING] [Sender] 큐 저장 (47건)
[20:04:03][ERROR] [Sender] 전송 실패: HTTPConnectionPool(host='172.20.10.12', port=8000): Read timed out. (read timeout=3)
[20:04:03][WARNING] [Sender] 큐 저장 (48건)
[20:04:12][INFO] [EVENT] {'type': 'entry', 'zone': 'a-b1-003', 'plate': None, 'plate_status': 'pending', 'entry_time': 1780916652.3743005, 'park_status': 'normal', 'timestamp': 1780916652.3743005}
[20:04:12][INFO] [ENTRY] a-b1-003 OCR Queue 제출 (대기: 1)
[20:04:20][INFO] [EVENT] {'type': 'entry', 'zone': 'a-b1-006', 'plate': None, 'plate_status': 'pending', 'entry_time': 1780916660.000767, 'park_status': 'normal', 'timestamp': 1780916660.000767}
[20:04:20][INFO] [ENTRY] a-b1-006 OCR Queue 제출 (대기: 1)
[20:04:20][INFO] [OCR Worker] a-b1-006 완료: None (null)
[20:04:20][WARNING] [OCR ERROR] a-b1-006 번호판 인식 불가 (null) → 알림 전송 예정
[20:04:26][ERROR] [Sender] 전송 실패: HTTPConnectionPool(host='172.20.10.12', port=8000): Read timed out. (read timeout=3)
[20:04:26][WARNING] [Sender] 큐 저장 (49건)
[20:05:14][INFO] [OCR Worker] a-b1-003 완료: 78931234 (confirmed)
[20:05:20][ERROR] [Sender] 전송 실패: HTTPConnectionPool(host='172.20.10.12', port=8000): Read timed out. (read timeout=3)
[20:05:20][WARNING] [Sender] 큐 저장 (50건)
[20:12:47][INFO] [EVENT] {'type': 'exit', 'zone': 'a-b1-003', 'plate': '78931234', 'plate_status': 'confirmed', 'entry_time': 1780916652.3743005, 'park_status': 'normal', 'linked_zone': None, 'timestamp': 1780917167.4831288}
[20:12:47][WARNING] [EXIT] a-b1-003 OCR 완료 전 출차 → entry null 전송
[20:12:47][INFO] [EXIT] a-b1-003 plate=78931234
[20:12:50][INFO] [EVENT] {'type': 'exit', 'zone': 'a-b1-006', 'plate': None, 'plate_status': 'null', 'entry_time': 1780916660.000767, 'park_status': 'normal', 'linked_zone': None, 'timestamp': 1780917170.6780179}
[20:12:50][WARNING] [EXIT] a-b1-006 OCR 완료 전 출차 → entry null 전송
[20:13:16][INFO] ==================================================
[20:13:16][INFO] Smart Parking System Start
[20:13:16][INFO] ==================================================
[20:13:23][INFO] [Sender] 초기화 | 서버: http://172.20.10.12:8000/api/event
[20:13:23][INFO] [Sender] 미전송 50건 복구
[20:13:23][INFO] Mapping loaded | zones: ['a-b1-001', 'a-b1-002', 'a-b1-003', 'a-b1-004', 'a-b1-005', 'a-b1-006', 'a-b1-007', 'a-b1-008', 'a-b1-009']
[20:13:28][INFO] [Camera] C920 자동 포커스 설정 완료
[20:13:28][INFO] [OCR Worker] 시작
[20:13:28][INFO] [OCR Worker] 시작
[20:13:28][INFO] [Send Worker] 시작
[20:13:28][INFO] [Workers] OCR x2, Send x1 시작
[20:13:30][INFO] Camera started | M: mapping  Q/ESC: quit
[20:13:32][INFO] [PixelCheck] 빈 구역 스냅샷 초기화 완료
[20:13:40][INFO] [EVENT] {'type': 'exit', 'zone': 'a-b1-003', 'plate': '78931234', 'plate_status': 'confirmed', 'entry_time': 1780916652.3743005, 'park_status': 'normal', 'linked_zone': None, 'timestamp': 1780917220.6169007}
[20:13:40][INFO] [EXIT] a-b1-003 plate=78931234
[20:13:40][INFO] [EVENT] {'type': 'exit', 'zone': 'a-b1-006', 'plate': None, 'plate_status': 'null', 'entry_time': 1780916660.000767, 'park_status': 'normal', 'linked_zone': None, 'timestamp': 1780917220.6450846}
[20:13:40][INFO] [EXIT] a-b1-006 plate=None
[20:13:45][WARNING] [Sender] 서버 응답 오류: 404 → 재전송 큐 저장
[20:13:45][WARNING] [Sender] 큐 저장 (51건)
[20:13:50][INFO] [Sender] 전송 성공 | event:exit zone:a-b1-006
[20:15:59][INFO] [EVENT] {'type': 'entry', 'zone': 'a-b1-003', 'plate': None, 'plate_status': 'pending', 'entry_time': 1780917359.5147853, 'park_status': 'normal', 'timestamp': 1780917359.5147853}
[20:15:59][INFO] [ENTRY] a-b1-003 OCR Queue 제출 (대기: 1)
[20:16:43][INFO] [EVENT] {'type': 'entry', 'zone': 'a-b1-006', 'plate': None, 'plate_status': 'pending', 'entry_time': 1780917403.503853, 'park_status': 'normal', 'timestamp': 1780917403.503853}
[20:16:43][INFO] [ENTRY] a-b1-006 OCR Queue 제출 (대기: 1)
[20:17:18][INFO] [OCR Worker] a-b1-003 완료: 78931234 (confirmed)
[20:17:24][ERROR] [Sender] 전송 실패: HTTPConnectionPool(host='172.20.10.12', port=8000): Read timed out. (read timeout=3)
[20:17:24][WARNING] [Sender] 큐 저장 (52건)
[20:17:45][INFO] [OCR Worker] a-b1-006 완료: None (null)
[20:17:45][WARNING] [OCR ERROR] a-b1-006 번호판 인식 불가 (null) → 알림 전송 예정
[20:17:51][ERROR] [Sender] 전송 실패: HTTPConnectionPool(host='172.20.10.12', port=8000): Read timed out. (read timeout=3)
[20:17:51][WARNING] [Sender] 큐 저장 (53건)
[20:22:01][INFO] [EVENT] {'type': 'exit', 'zone': 'a-b1-003', 'plate': '78931234', 'plate_status': 'confirmed', 'entry_time': 1780917359.5147853, 'park_status': 'normal', 'linked_zone': None, 'timestamp': 1780917721.138143}
[20:22:01][WARNING] [EXIT] a-b1-003 OCR 완료 전 출차 → entry null 전송
[20:22:01][INFO] [EXIT] a-b1-003 plate=78931234
[20:22:06][INFO] [Sender] 전송 성공 | event:exit zone:a-b1-003
[20:22:12][ERROR] [Sender] 전송 실패: HTTPConnectionPool(host='172.20.10.12', port=8000): Read timed out. (read timeout=3)
[20:22:12][WARNING] [Sender] 큐 저장 (54건)
[20:22:56][INFO] Quit
[20:22:56][INFO] [Workers] 종료 대기 중...
[20:22:57][INFO] [Send Worker] 종료
[20:22:57][INFO] [OCR Worker] 종료
[20:22:57][INFO] [OCR Worker] 종료
[20:22:57][INFO] System stopped
[20:23:05][INFO] ==================================================
[20:23:05][INFO] Smart Parking System Start
[20:23:05][INFO] ==================================================
[20:23:12][INFO] [Sender] 초기화 | 서버: http://172.20.10.12:8000/api/event
[20:23:12][INFO] [Sender] 미전송 54건 복구
[20:23:12][INFO] Mapping loaded | zones: ['a-b1-001', 'a-b1-002', 'a-b1-003', 'a-b1-004', 'a-b1-005', 'a-b1-006', 'a-b1-007', 'a-b1-008', 'a-b1-009']
[20:23:17][INFO] [Camera] C920 자동 포커스 설정 완료
[20:23:17][INFO] [OCR Worker] 시작
[20:23:17][INFO] [OCR Worker] 시작
[20:23:17][INFO] [Send Worker] 시작
[20:23:17][INFO] [Workers] OCR x2, Send x1 시작
[20:23:19][INFO] Camera started | M: mapping  Q/ESC: quit
[20:23:21][INFO] [PixelCheck] 빈 구역 스냅샷 초기화 완료
[20:23:29][INFO] [EVENT] {'type': 'exit', 'zone': 'a-b1-006', 'plate': None, 'plate_status': 'null', 'entry_time': 1780917403.503853, 'park_status': 'normal', 'linked_zone': None, 'timestamp': 1780917809.5349035}
[20:23:29][INFO] [EXIT] a-b1-006 plate=None
[20:23:35][ERROR] [Sender] 전송 실패: HTTPConnectionPool(host='172.20.10.12', port=8000): Read timed out. (read timeout=3)
[20:23:35][WARNING] [Sender] 큐 저장 (55건)
[20:26:31][INFO] [EVENT] {'type': 'entry', 'zone': 'a-b1-003', 'plate': None, 'plate_status': 'pending', 'entry_time': 1780917991.803016, 'park_status': 'normal', 'timestamp': 1780917991.803016}
[20:26:31][INFO] [ENTRY] a-b1-003 OCR Queue 제출 (대기: 1)
[20:27:37][INFO] [OCR Worker] a-b1-003 완료: 178931234 (confirmed)
[20:27:43][WARNING] [Sender] 서버 응답 오류: 409 → 재전송 큐 저장
[20:27:43][WARNING] [Sender] 큐 저장 (56건)
[20:28:58][INFO] [EVENT] {'type': 'entry', 'zone': 'a-b1-007', 'plate': None, 'plate_status': 'pending', 'entry_time': 1780918138.1721907, 'park_status': 'normal', 'timestamp': 1780918138.1721907}
[20:28:58][INFO] [ENTRY] a-b1-007 OCR Queue 제출 (대기: 1)
[20:30:23][INFO] [EVENT] {'type': 'entry', 'zone': 'a-b1-005', 'plate': None, 'plate_status': 'pending', 'entry_time': 1780918223.2796009, 'park_status': 'normal', 'timestamp': 1780918223.2796009}
[20:30:23][INFO] [ENTRY] a-b1-005 OCR Queue 제출 (대기: 1)
[20:30:51][INFO] [OCR Worker] a-b1-007 완료: None (null)
[20:30:51][WARNING] [OCR ERROR] a-b1-007 번호판 인식 불가 (null) → 알림 전송 예정
[20:30:57][ERROR] [Sender] 전송 실패: HTTPConnectionPool(host='172.20.10.12', port=8000): Read timed out. (read timeout=3)
[20:30:57][WARNING] [Sender] 큐 저장 (57건)
[20:31:24][INFO] [EVENT] {'type': 'entry', 'zone': 'a-b1-008', 'plate': None, 'plate_status': 'pending', 'entry_time': 1780918284.1980336, 'park_status': 'normal', 'timestamp': 1780918284.1980336}
[20:31:24][INFO] [ENTRY] a-b1-008 OCR Queue 제출 (대기: 1)
[20:31:44][INFO] [OCR Worker] a-b1-005 완료: 45U8901 (confirmed)
[20:31:50][ERROR] [Sender] 전송 실패: HTTPConnectionPool(host='172.20.10.12', port=8000): Read timed out. (read timeout=3)
[20:31:50][WARNING] [Sender] 큐 저장 (58건)
[20:33:06][INFO] [OCR Worker] a-b1-008 완료: None (null)
[20:33:06][WARNING] [OCR ERROR] a-b1-008 번호판 인식 불가 (null) → 알림 전송 예정
[20:33:12][ERROR] [Sender] 전송 실패: HTTPConnectionPool(host='172.20.10.12', port=8000): Read timed out. (read timeout=3)
[20:33:12][WARNING] [Sender] 큐 저장 (59건)
[20:36:19][INFO] Quit
[20:36:19][INFO] [Workers] 종료 대기 중...
[20:36:20][INFO] [OCR Worker] 종료
[20:36:20][INFO] [Send Worker] 종료
[20:36:20][INFO] [OCR Worker] 종료
[20:36:20][INFO] System stopped
[20:36:42][INFO] ==================================================
[20:36:42][INFO] Smart Parking System Start
[20:36:42][INFO] ==================================================
[20:36:49][INFO] [Sender] 초기화 | 서버: http://172.20.10.12:8000/api/event
[20:36:49][INFO] [Sender] 미전송 59건 복구
[20:36:49][INFO] Mapping loaded | zones: ['a-b1-001', 'a-b1-002', 'a-b1-003', 'a-b1-004', 'a-b1-005', 'a-b1-006', 'a-b1-007', 'a-b1-008', 'a-b1-009']
[20:36:54][INFO] [Camera] C920 자동 포커스 설정 완료
[20:36:54][INFO] [OCR Worker] 시작
[20:36:54][INFO] [OCR Worker] 시작
[20:36:54][INFO] [Send Worker] 시작
[20:36:54][INFO] [Workers] OCR x2, Send x1 시작
[20:36:57][INFO] Camera started | M: mapping  Q/ESC: quit
[20:36:58][INFO] [PixelCheck] 빈 구역 스냅샷 초기화 완료
[20:37:07][INFO] [EVENT] {'type': 'exit', 'zone': 'a-b1-003', 'plate': '178931234', 'plate_status': 'confirmed', 'entry_time': 1780917991.803016, 'park_status': 'normal', 'linked_zone': None, 'timestamp': 1780918627.13917}
[20:37:07][INFO] [EXIT] a-b1-003 plate=178931234
[20:37:07][INFO] [EVENT] {'type': 'exit', 'zone': 'a-b1-007', 'plate': None, 'plate_status': 'null', 'entry_time': 1780918138.1721907, 'park_status': 'normal', 'linked_zone': None, 'timestamp': 1780918627.162101}
[20:37:07][INFO] [EXIT] a-b1-007 plate=None
[20:37:07][INFO] [EVENT] {'type': 'exit', 'zone': 'a-b1-008', 'plate': None, 'plate_status': 'null', 'entry_time': 1780918284.1980336, 'park_status': 'normal', 'linked_zone': None, 'timestamp': 1780918627.1712446}
[20:37:28][INFO] ==================================================
[20:37:28][INFO] Smart Parking System Start
[20:37:28][INFO] ==================================================
[20:37:35][INFO] [Sender] 초기화 | 서버: http://172.20.10.12:8000/api/event
[20:37:35][INFO] [Sender] 미전송 59건 복구
[20:37:35][INFO] Mapping loaded | zones: ['a-b1-001', 'a-b1-002', 'a-b1-003', 'a-b1-004', 'a-b1-005', 'a-b1-006', 'a-b1-007', 'a-b1-008', 'a-b1-009']
[20:37:40][INFO] [Camera] C920 자동 포커스 설정 완료
[20:37:40][INFO] [OCR Worker] 시작
[20:37:40][INFO] [OCR Worker] 시작
[20:37:40][INFO] [Send Worker] 시작
[20:37:40][INFO] [Workers] OCR x2, Send x1 시작
[20:37:42][INFO] Camera started | M: mapping  Q/ESC: quit
[20:37:43][INFO] [PixelCheck] 빈 구역 스냅샷 초기화 완료
[20:37:52][INFO] [EVENT] {'type': 'exit', 'zone': 'a-b1-003', 'plate': '178931234', 'plate_status': 'confirmed', 'entry_time': 1780917991.803016, 'park_status': 'normal', 'linked_zone': None, 'timestamp': 1780918672.31821}
[20:37:52][INFO] [EXIT] a-b1-003 plate=178931234
[20:37:52][INFO] [EVENT] {'type': 'exit', 'zone': 'a-b1-007', 'plate': None, 'plate_status': 'null', 'entry_time': 1780918138.1721907, 'park_status': 'normal', 'linked_zone': None, 'timestamp': 1780918672.3310592}
[20:37:52][INFO] [EXIT] a-b1-007 plate=None
[20:37:52][INFO] [EVENT] {'type': 'exit', 'zone': 'a-b1-008', 'plate': None, 'plate_status': 'null', 'entry_time': 1780918284.1980336, 'park_status': 'normal', 'linked_zone': None, 'timestamp': 1780918672.3379223}
[20:51:11][INFO] ==================================================
[20:51:11][INFO] Smart Parking System Start
[20:51:11][INFO] ==================================================
[20:51:18][INFO] [Sender] 초기화 | 서버: http://172.20.10.12:8000/api/event
[20:51:18][INFO] [Sender] 미전송 59건 복구
[20:51:18][INFO] Mapping loaded | zones: ['a-b1-001', 'a-b1-002', 'a-b1-003', 'a-b1-004', 'a-b1-005', 'a-b1-006', 'a-b1-007', 'a-b1-008', 'a-b1-009']
[20:51:23][INFO] [Camera] C920 자동 포커스 설정 완료
[20:51:23][INFO] [OCR Worker] 시작
[20:51:23][INFO] [OCR Worker] 시작
[20:51:23][INFO] [Send Worker] 시작
[20:51:23][INFO] [Workers] OCR x2, Send x1 시작
[20:51:24][INFO] Camera started | M: mapping  Q/ESC: quit
[20:51:26][INFO] [PixelCheck] 빈 구역 스냅샷 초기화 완료
[20:51:34][INFO] [EVENT] {'type': 'exit', 'zone': 'a-b1-003', 'plate': '178931234', 'plate_status': 'confirmed', 'entry_time': 1780917991.803016, 'park_status': 'normal', 'linked_zone': None, 'timestamp': 1780919494.455197}
[20:51:34][INFO] [EXIT] a-b1-003 plate=178931234
[20:51:34][INFO] [EVENT] {'type': 'exit', 'zone': 'a-b1-005', 'plate': '45U8901', 'plate_status': 'confirmed', 'entry_time': 1780918223.2796009, 'park_status': 'normal', 'linked_zone': None, 'timestamp': 1780919494.4781492}
[20:51:34][ERROR] [Sender] 전송 실패: HTTPConnectionPool(host='172.20.10.12', port=8000): Max retries exceeded with url: /api/event (Caused by NewConnectionError("HTTPConnection(host='172.20.10.12', port=8000): Failed to establish a new connection: [Errno 111] Connection refused"))
[20:51:34][WARNING] [Sender] 큐 저장 (60건)
[20:51:34][INFO] [EXIT] a-b1-005 plate=45U8901
[20:51:34][INFO] [EVENT] {'type': 'exit', 'zone': 'a-b1-007', 'plate': None, 'plate_status': 'null', 'entry_time': 1780918138.1721907, 'park_status': 'normal', 'linked_zone': None, 'timestamp': 1780919494.487912}
[20:51:34][ERROR] [Sender] 전송 실패: HTTPConnectionPool(host='172.20.10.12', port=8000): Max retries exceeded with url: /api/event (Caused by NewConnectionError("HTTPConnection(host='172.20.10.12', port=8000): Failed to establish a new connection: [Errno 111] Connection refused"))
[20:51:34][WARNING] [Sender] 큐 저장 (61건)
[20:51:34][INFO] [EXIT] a-b1-007 plate=None
[20:51:34][INFO] [EVENT] {'type': 'exit', 'zone': 'a-b1-008', 'plate': None, 'plate_status': 'null', 'entry_time': 1780918284.1980336, 'park_status': 'normal', 'linked_zone': None, 'timestamp': 1780919494.4987845}
[20:51:34][ERROR] [Sender] 전송 실패: HTTPConnectionPool(host='172.20.10.12', port=8000): Max retries exceeded with url: /api/event (Caused by NewConnectionError("HTTPConnection(host='172.20.10.12', port=8000): Failed to establish a new connection: [Errno 111] Connection refused"))
[20:51:34][WARNING] [Sender] 큐 저장 (62건)
[20:51:34][INFO] [EXIT] a-b1-008 plate=None
[20:51:34][ERROR] [Sender] 전송 실패: HTTPConnectionPool(host='172.20.10.12', port=8000): Max retries exceeded with url: /api/event (Caused by NewConnectionError("HTTPConnection(host='172.20.10.12', port=8000): Failed to establish a new connection: [Errno 111] Connection refused"))
[20:51:34][WARNING] [Sender] 큐 저장 (63건)
[20:51:52][INFO] Quit
[20:51:52][INFO] [Workers] 종료 대기 중...
[20:51:52][INFO] [OCR Worker] 종료
[20:51:52][INFO] [OCR Worker] 종료
[20:51:52][INFO] [Send Worker] 종료
[20:51:52][INFO] System stopped
[20:53:28][INFO] ==================================================
[20:53:28][INFO] Smart Parking System Start
[20:53:28][INFO] ==================================================
[20:53:35][INFO] [Sender] 초기화 | 서버: http://172.20.10.12:8000/api/event
[20:53:35][INFO] [Sender] 미전송 63건 복구
[20:53:35][INFO] Mapping loaded | zones: ['a-b1-001', 'a-b1-002', 'a-b1-003', 'a-b1-004', 'a-b1-005', 'a-b1-006', 'a-b1-007', 'a-b1-008', 'a-b1-009']
[20:53:40][INFO] [Camera] C920 자동 포커스 설정 완료
[20:53:40][INFO] [OCR Worker] 시작
[20:53:40][INFO] [OCR Worker] 시작
[20:53:40][INFO] [Send Worker] 시작
[20:53:40][INFO] [Workers] OCR x2, Send x1 시작
[20:53:41][INFO] Camera started | M: mapping  Q/ESC: quit
[20:53:43][INFO] [PixelCheck] 빈 구역 스냅샷 초기화 완료
[20:57:16][INFO] Quit
[20:57:16][INFO] [Workers] 종료 대기 중...
[20:57:16][INFO] [Send Worker] 종료
[20:57:16][INFO] [OCR Worker] 종료
[20:57:16][INFO] [OCR Worker] 종료
[20:57:16][INFO] System stopped
[20:57:32][INFO] ==================================================
[20:57:32][INFO] Smart Parking System Start
[20:57:32][INFO] ==================================================
[20:57:38][INFO] [Sender] 초기화 | 서버: http://172.20.10.5:8000/api/event
[20:57:38][INFO] [Sender] 미전송 63건 복구
[20:57:38][INFO] Mapping loaded | zones: ['a-b1-001', 'a-b1-002', 'a-b1-003', 'a-b1-004', 'a-b1-005', 'a-b1-006', 'a-b1-007', 'a-b1-008', 'a-b1-009']
[20:57:43][INFO] [Camera] C920 자동 포커스 설정 완료
[20:57:43][INFO] [OCR Worker] 시작
[20:57:43][INFO] [OCR Worker] 시작
[20:57:43][INFO] [Send Worker] 시작
[20:57:43][INFO] [Workers] OCR x2, Send x1 시작
[20:57:44][INFO] Camera started | M: mapping  Q/ESC: quit
[20:57:46][INFO] [PixelCheck] 빈 구역 스냅샷 초기화 완료
[20:58:32][INFO] [EVENT] {'type': 'entry', 'zone': 'a-b1-001', 'plate': None, 'plate_status': 'pending', 'entry_time': 1780919912.6173801, 'park_status': 'normal', 'timestamp': 1780919912.6173801}
[20:58:32][INFO] [ENTRY] a-b1-001 OCR Queue 제출 (대기: 1)
[20:59:23][INFO] [OCR Worker] a-b1-001 완료: 78931234 (confirmed)
[20:59:29][ERROR] [Sender] 전송 실패: HTTPConnectionPool(host='172.20.10.5', port=8000): Read timed out. (read timeout=3)
[20:59:29][WARNING] [Sender] 큐 저장 (64건)
[21:01:19][INFO] [EVENT] {'type': 'entry', 'zone': 'a-b1-002', 'plate': None, 'plate_status': 'pending', 'entry_time': 1780920079.5977664, 'park_status': 'normal', 'timestamp': 1780920079.5977664}
[21:01:19][INFO] [ENTRY] a-b1-002 OCR Queue 제출 (대기: 1)
[21:02:09][INFO] [OCR Worker] a-b1-002 완료: 123가4567 (confirmed)
[21:02:15][ERROR] [Sender] 전송 실패: HTTPConnectionPool(host='172.20.10.5', port=8000): Read timed out. (read timeout=3)
[21:02:15][WARNING] [Sender] 큐 저장 (65건)
[21:02:58][INFO] [EVENT] {'type': 'entry', 'zone': 'a-b1-009', 'plate': None, 'plate_status': 'pending', 'entry_time': 1780920178.656542, 'park_status': 'normal', 'timestamp': 1780920178.656542}
[21:02:58][INFO] [ENTRY] a-b1-009 OCR Queue 제출 (대기: 1)
[21:04:45][INFO] [OCR Worker] a-b1-009 완료: None (null)
[21:04:45][WARNING] [OCR ERROR] a-b1-009 번호판 인식 불가 (null) → 알림 전송 예정
[21:04:51][ERROR] [Sender] 전송 실패: HTTPConnectionPool(host='172.20.10.5', port=8000): Read timed out. (read timeout=3)
[21:04:51][WARNING] [Sender] 큐 저장 (66건)
[21:06:57][INFO] Quit
[21:06:57][INFO] [Workers] 종료 대기 중...
[21:06:57][INFO] [OCR Worker] 종료
[21:06:57][INFO] [OCR Worker] 종료
[21:06:57][INFO] [Send Worker] 종료
[21:06:57][INFO] System stopped
[21:38:23][INFO] ==================================================
[21:38:23][INFO] Smart Parking System Start
[21:38:23][INFO] ==================================================
[21:38:30][INFO] [Sender] 초기화 | 서버: http://172.20.10.5:8000/api/event
[21:38:30][INFO] [Sender] 미전송 66건 복구
[21:38:30][INFO] Mapping loaded | zones: ['a-b1-001', 'a-b1-002', 'a-b1-003', 'a-b1-004', 'a-b1-005', 'a-b1-006', 'a-b1-007', 'a-b1-008', 'a-b1-009']
[21:38:35][INFO] [Camera] C920 자동 포커스 설정 완료
[21:38:35][ERROR] Camera 0 open failed
